   1, "Map COUNT(colname) to COUNT(*)"
   2, "MS Query fix for numeric literals"
   4, "Map timestamp values to date values"
   8, "Map timestamp values to time values"
  16, "Cognos Impromptu fix for SQLSTATE"
  32, "Lotus-1-2-3 V4.01 fix for long data types"
  64, "Null terminate DBCS strings"
 128, "Permit MS Access, Visual Basic handshake"
 256, "Return primary key ahead of unique index"
 512, "Lotus Approach V3.01 fix"
1024, "MS Visual Basic fix for empty searched update/delete"
2048, "(Reserved)"
4096, "Commit after close cursor when autocommit is on"
8192, "Return output stored procedure arguments as result set for Powerbuilder"
16384, "(Reserved)"
32768, "Make Microsoft Query applications work with DB2 MVS synonyms"
65536, "Automatically insert a 'G' for graphic literals"
131072, "Describe time stamps as a CHAR(26)"
262144, "Use the pseudo-catalog table db2cli.procedures"
524288, "Use SYSTEM_TABLE_SCHEMA instead of TABLE_SCHEMA for DB2/400 V3.x"
1048576, "Treat a zero length string through SQLPutData() as SQL_NULL_DATA"
